Archive member included to satisfy reference by file (symbol)

c:/program files/microchip/xc32/v4.20/bin/bin/../../lib/gcc/pic32c/8.3.1/../../../../pic32c/lib/thumb/v6-m/nofp\libpic32c.a(data_init_wrapper.o)
                              build/SAMC21_OLED_I2C_128X64/debug/_ext/177302722/startup_xc32.o (__pic32c_data_initialization)
c:/program files/microchip/xc32/v4.20/bin/bin/../../lib/gcc/pic32c/8.3.1/../../../../pic32c/lib/thumb/v6-m/nofp\libpic32c.a(data_init_0_1.o)
                              c:/program files/microchip/xc32/v4.20/bin/bin/../../lib/gcc/pic32c/8.3.1/../../../../pic32c/lib/thumb/v6-m/nofp\libpic32c.a(data_init_wrapper.o) (__pic32c_data_initialization_impl)
c:/program files/microchip/xc32/v4.20/bin/bin/../../lib/gcc/pic32c/8.3.1/../../../../pic32c/lib/thumb/v6-m/nofp\libm-emfloat.a(__aeabi_fadd.o)
                              build/SAMC21_OLED_I2C_128X64/debug/_ext/664460621/plib_sercom5_i2c_master.o (__aeabi_fadd)
c:/program files/microchip/xc32/v4.20/bin/bin/../../lib/gcc/pic32c/8.3.1/../../../../pic32c/lib/thumb/v6-m/nofp\libm-emfloat.a(__aeabi_fsub.o)
                              build/SAMC21_OLED_I2C_128X64/debug/_ext/664460621/plib_sercom5_i2c_master.o (__aeabi_fsub)
c:/program files/microchip/xc32/v4.20/bin/bin/../../lib/gcc/pic32c/8.3.1/../../../../pic32c/lib/thumb/v6-m/nofp\libm-emfloat.a(__aeabi_fmul.o)
                              build/SAMC21_OLED_I2C_128X64/debug/_ext/664460621/plib_sercom5_i2c_master.o (__aeabi_fmul)
c:/program files/microchip/xc32/v4.20/bin/bin/../../lib/gcc/pic32c/8.3.1/../../../../pic32c/lib/thumb/v6-m/nofp\libm-emfloat.a(__aeabi_fdiv.o)
                              build/SAMC21_OLED_I2C_128X64/debug/_ext/664460621/plib_sercom5_i2c_master.o (__aeabi_fdiv)
c:/program files/microchip/xc32/v4.20/bin/bin/../../lib/gcc/pic32c/8.3.1/../../../../pic32c/lib/thumb/v6-m/nofp\libm-emfloat.a(__aeabi_f2uiz.o)
                              build/SAMC21_OLED_I2C_128X64/debug/_ext/664460621/plib_sercom5_i2c_master.o (__aeabi_f2uiz)
c:/program files/microchip/xc32/v4.20/bin/bin/../../lib/gcc/pic32c/8.3.1/../../../../pic32c/lib/thumb/v6-m/nofp\libm-emfloat.a(__aeabi_ui2f.o)
                              build/SAMC21_OLED_I2C_128X64/debug/_ext/664460621/plib_sercom5_i2c_master.o (__aeabi_ui2f)
c:/program files/microchip/xc32/v4.20/bin/bin/../../lib/gcc/pic32c/8.3.1/../../../../pic32c/lib/thumb/v6-m/nofp\libg-musl.a(__libc_start_main.o)
                              build/SAMC21_OLED_I2C_128X64/debug/_ext/177302722/startup_xc32.o (__libc_init_array)
c:/program files/microchip/xc32/v4.20/bin/bin/../../lib/gcc/pic32c/8.3.1/../../../../pic32c/lib/thumb/v6-m/nofp\libg-musl.a(libc.o)
                              c:/program files/microchip/xc32/v4.20/bin/bin/../../lib/gcc/pic32c/8.3.1/../../../../pic32c/lib/thumb/v6-m/nofp\libg-musl.a(__libc_start_main.o) (__progname_full)
c:/program files/microchip/xc32/v4.20/bin/bin/../../lib/gcc/pic32c/8.3.1/../../../../pic32c/lib/thumb/v6-m/nofp\libg-musl.a(memcpy.o)
                              build/SAMC21_OLED_I2C_128X64/debug/_ext/1193147282/plib_nvmctrl.o (memcpy)
c:/program files/microchip/xc32/v4.20/bin/bin/../../lib/gcc/pic32c/8.3.1/../../../../pic32c/lib/thumb/v6-m/nofp\libg-musl.a(memset.o)
                              build/SAMC21_OLED_I2C_128X64/debug/_ext/1360937237/ssd1306.o (memset)
c:/program files/microchip/xc32/v4.20/bin/bin/../../lib/gcc/pic32c/8.3.1/../../../../pic32c/lib/thumb/v6-m/nofp\libg-musl.a(strlen.o)
                              build/SAMC21_OLED_I2C_128X64/debug/_ext/451464735/fonts.o (strlen)
c:/program files/microchip/xc32/v4.20/bin/bin/../../lib/gcc/pic32c/8.3.1/../../../../pic32c/lib/thumb/v6-m/nofp\libg-musl.a(__environ.o)
                              c:/program files/microchip/xc32/v4.20/bin/bin/../../lib/gcc/pic32c/8.3.1/../../../../pic32c/lib/thumb/v6-m/nofp\libg-musl.a(__libc_start_main.o) (__environ)
c:/program files/microchip/xc32/v4.20/bin/bin/../../lib/gcc/pic32c/8.3.1/thumb/v6-m/nofp\libgcc.a(_udivsi3.o)
                              build/SAMC21_OLED_I2C_128X64/debug/_ext/664460621/plib_sercom5_i2c_master.o (__aeabi_uidiv)
c:/program files/microchip/xc32/v4.20/bin/bin/../../lib/gcc/pic32c/8.3.1/thumb/v6-m/nofp\libgcc.a(_dvmd_tls.o)
                              c:/program files/microchip/xc32/v4.20/bin/bin/../../lib/gcc/pic32c/8.3.1/thumb/v6-m/nofp\libgcc.a(_udivsi3.o) (__aeabi_idiv0)

Microchip PIC32 Memory-Usage Report

ROM Program-Memory Usage
section                    address  length [bytes]      (dec)  Description
-------                 ----------  -------------------------  -----------
.vectors                         0           0xbc         188   
.text                         0xbc           0x20          32  App's exec code 
.rodata.Font7x10              0xdc          0x76c        1900   
.dinit                       0x848          0x480        1152   
.text.SERCOM5_I2C_Inter      0xcc8          0x1b0         432   
[...]
Memory Configuration

Name             Origin             Length             Attributes
rom              0x00000000         0x00040000         xrl
ram              0x20000000         0x00008000         xw !r
config_00804000  0x00804000         0x00000004
config_00804004  0x00804004         0x00000004
*default*        0x00000000         0xffffffff

Linker script and memory map

LOAD c:/program files/microchip/xc32/v4.20/bin/bin/../../lib/gcc/pic32c/8.3.1/thumb/v6-m/nofp/crti.o
LOAD c:/program files/microchip/xc32/v4.20/bin/bin/../../lib/gcc/pic32c/8.3.1/thumb/v6-m/nofp/crtbegin.o
LOAD build/SAMC21_OLED_I2C_128X64/debug/_ext/722310036/plib_clock.o
LOAD build/SAMC21_OLED_I2C_128X64/debug/_ext/720160550/plib_evsys.o
LOAD build/SAMC21_OLED_I2C_128X64/debug/_ext/1962625852/plib_nvic.o
LOAD build/SAMC21_OLED_I2C_128X64/debug/_ext/1193147282/plib_nvmctrl.o
LOAD build/SAMC21_OLED_I2C_128X64/debug/_ext/1962572701/plib_port.o
LOAD build/SAMC21_OLED_I2C_128X64/debug/_ext/1599261247/plib_rtc_timer.o
LOAD build/SAMC21_OLED_I2C_128X64/debug/_ext/664460621/plib_sercom5_i2c_master.o
LOAD build/SAMC21_OLED_I2C_128X64/debug/_ext/958672184/plib_systick.o
LOAD build/SAMC21_OLED_I2C_128X64/debug/_ext/91570296/xc32_monitor.o
LOAD build/SAMC21_OLED_I2C_128X64/debug/_ext/177302722/startup_xc32.o
LOAD build/SAMC21_OLED_I2C_128X64/debug/_ext/177302722/initialization.o
LOAD build/SAMC21_OLED_I2C_128X64/debug/_ext/177302722/exceptions.o
LOAD build/SAMC21_OLED_I2C_128X64/debug/_ext/177302722/libc_syscalls.o
LOAD build/SAMC21_OLED_I2C_128X64/debug/_ext/177302722/interrupts.o
LOAD build/SAMC21_OLED_I2C_128X64/debug/_ext/1360937237/main.o
LOAD build/SAMC21_OLED_I2C_128X64/debug/_ext/1360937237/ssd1306.o
LOAD build/SAMC21_OLED_I2C_128X64/debug/_ext/451464735/fonts.o
                0x00000001                __MPLAB_BUILD = 0x1
                0x00040000                __rom_end = (ORIGIN (rom) + LENGTH (rom))
                0x20008000                __ram_end = (ORIGIN (ram) + LENGTH (ram))

.config_00804000
 *(.config_00804000)

.config_00804004
 *(.config_00804004)

.vectors        0x00000000       0xbc
                0x00000000                . = ALIGN (0x4)
                0x00000000                _sfixed = .
 *(.vectors .vectors.* .vectors_default .vectors_default.*)
 .vectors.exception_table
                0x00000000       0xbc build/SAMC21_OLED_I2C_128X64/debug/_ext/177302722/interrupts.o
                0x00000000                exception_table
 *(.isr_vector)
 *(.reset*)
 *(.after_vectors)

.text           0x000000bc       0x20
                0x000000bc                . = ALIGN (0x4)
 *(.glue_7t)
 .glue_7t       0x000000bc        0x0 linker stubs
 *(.glue_7)
 .glue_7        0x000000bc        0x0 linker stubs
 *(.gnu.linkonce.r.*)
 *(.ARM.extab* .gnu.linkonce.armextab.*)
                0x000000bc                . = ALIGN (0x4)
 *(.init)
 .init          0x000000bc        0x4 c:/program files/microchip/xc32/v4.20/bin/bin/../../lib/gcc/pic32c/8.3.1/thumb/v6-m/nofp/crti.o
                0x000000bc                _init
 .init          0x000000c0        0x8 c:/program files/microchip/xc32/v4.20/bin/bin/../../lib/gcc/pic32c/8.3.1/thumb/v6-m/nofp/crtn.o
                0x000000c8                . = ALIGN (0x4)
                0x000000c8                __preinit_array_start = .
 *(.preinit_array)
                0x000000c8                __preinit_array_end = .
                0x000000c8                . = ALIGN (0x4)
                0x000000c8                __init_array_start = .
 *(SORT_BY_NAME(.init_array.*))
 *(.init_array)
 .init_array    0x000000c8        0x4 c:/program files/microchip/xc32/v4.20/bin/bin/../../lib/gcc/pic32c/8.3.1/thumb/v6-m/nofp/crtbegin.o
                0x000000cc                __init_array_end = .
                0x000000cc                . = ALIGN (0x4)
 *crtbegin.o(.ctors)
 *(EXCLUDE_FILE(*crtend.o) .ctors)
 *(SORT_BY_NAME(.ctors.*))
 *crtend.o(.ctors)
                0x000000cc                . = ALIGN (0x4)
 *(.fini)
 .fini          0x000000cc        0x4 c:/program files/microchip/xc32/v4.20/bin/bin/../../lib/gcc/pic32c/8.3.1/thumb/v6-m/nofp/crti.o
                0x000000cc                _fini
 .fini          0x000000d0        0x8 c:/program files/microchip/xc32/v4.20/bin/bin/../../lib/gcc/pic32c/8.3.1/thumb/v6-m/nofp/crtn.o
                0x000000d8                . = ALIGN (0x4)
                0x000000d8                __fini_array_start = .
 *(.fini_array)
 .fini_array    0x000000d8        0x4 c:/program files/microchip/xc32/v4.20/bin/bin/../../lib/gcc/pic32c/8.3.1/thumb/v6-m/nofp/crtbegin.o
 *(SORT_BY_NAME(.fini_array.*))
                0x000000dc                __fini_array_end = .
 *crtbegin.o(.dtors)
 *(EXCLUDE_FILE(*crtend.o) .dtors)
 *(SORT_BY_NAME(.dtors.*))
 *crtend.o(.dtors)
                0x000000dc                . = ALIGN (0x4)
                0x000000dc                _efixed = .
                [!provide]                PROVIDE (__exidx_start = .)

.ARM.exidx
 *(.ARM.exidx* .gnu.linkonce.armexidx.*)
                [!provide]                PROVIDE (__exidx_end = .)
                0x000000dc                . = ALIGN (0x4)
                0x000000dc                _etext = .

.bss            0x20000000        0x0
                0x20000000                . = ALIGN (0x4)
                0x20000000                __bss_start__ = .
                0x20000000                _sbss = .
                0x20000000                _szero = .
 *(COMMON)
                0x20000000                . = ALIGN (0x4)
                0x20000000                __bss_end__ = .
                0x20000000                _ebss = .
                0x20000000                _ezero = .
                0x20000000                . = ALIGN (0x4)
                0x20000000                _end = .
                0x20007fff                _ram_end_ = ((ORIGIN (ram) + LENGTH (ram)) - 0x1)
                0x00000001                __ICD2RAM = 0x1
                0x00000001                __MPLAB_DEBUG = 0x1
                0x00000001                __DEBUG = 0x1
                0x00000200                _min_heap_size = 0x200
START GROUP
LOAD c:/program files/microchip/xc32/v4.20/bin/bin/../../lib/gcc/pic32c/8.3.1/../../../../pic32c/lib/thumb/v6-m/nofp\libpic32c.a
LOAD c:/program files/microchip/xc32/v4.20/bin/bin/../../lib/gcc/pic32c/8.3.1/../../../../pic32c/lib/thumb/v6-m/nofp\libm-emfloat.a
LOAD c:/program files/microchip/xc32/v4.20/bin/bin/../../lib/gcc/pic32c/8.3.1/../../../../pic32c/lib/thumb/v6-m/nofp\libg-musl.a
LOAD c:/program files/microchip/xc32/v4.20/bin/bin/../../lib/gcc/pic32c/8.3.1/../../../../pic32c/lib/thumb/v6-m/nofp\libc-musl.a
LOAD c:/program files/microchip/xc32/v4.20/bin/bin/../../lib/gcc/pic32c/8.3.1/../../../../pic32c/lib/thumb/v6-m/nofp\libm-emfloat.a
LOAD c:/program files/microchip/xc32/v4.20/bin/bin/../../lib/gcc/pic32c/8.3.1/thumb/v6-m/nofp\libgcc.a
END GROUP
LOAD c:/program files/microchip/xc32/v4.20/bin/bin/../../lib/gcc/pic32c/8.3.1/thumb/v6-m/nofp/crtend.o
LOAD c:/program files/microchip/xc32/v4.20/bin/bin/../../lib/gcc/pic32c/8.3.1/thumb/v6-m/nofp/crtn.o
OUTPUT(dist/SAMC21_OLED_I2C_128X64/debug/SAMC21_OLED_I2C_128X64.X.debug.elf elf32-littlearm)
LOAD stack
LOAD data_init

.ARM.attributes
                0x00000000       0x2a
 .ARM.attributes
                0x00000000       0x1e c:/program files/microchip/xc32/v4.20/bin/bin/../../lib/gcc/pic32c/8.3.1/thumb/v6-m/nofp/crti.o
 .ARM.attributes
                0x0000001e       0x2c c:/program files/microchip/xc32/v4.20/bin/bin/../../lib/gcc/pic32c/8.3.1/thumb/v6-m/nofp/crtbegin.o
 .ARM.attributes
                0x0000004a       0x2c build/SAMC21_OLED_I2C_128X64/debug/_ext/722310036/plib_clock.o
 .ARM.attributes
                0x00000076       0x2c build/SAMC21_OLED_I2C_128X64/debug/_ext/720160550/plib_evsys.o
 .ARM.attributes
                0x000000a2       0x2c build/SAMC21_OLED_I2C_128X64/debug/_ext/1962625852/plib_nvic.o
 .ARM.attributes
                0x000000ce       0x2c build/SAMC21_OLED_I2C_128X64/debug/_ext/1193147282/plib_nvmctrl.o
 .ARM.attributes
                0x000000fa       0x2c build/SAMC21_OLED_I2C_128X64/debug/_ext/1962572701/plib_port.o
 .ARM.attributes
                0x00000126       0x2c build/SAMC21_OLED_I2C_128X64/debug/_ext/1599261247/plib_rtc_timer.o
 .ARM.attributes
                0x00000152       0x2c build/SAMC21_OLED_I2C_128X64/debug/_ext/664460621/plib_sercom5_i2c_master.o
 .ARM.attributes
                0x0000017e       0x2c build/SAMC21_OLED_I2C_128X64/debug/_ext/958672184/plib_systick.o
 .ARM.attributes
                0x000001aa       0x2c build/SAMC21_OLED_I2C_128X64/debug/_ext/177302722/startup_xc32.o
 .ARM.attributes
                0x000001d6       0x2c build/SAMC21_OLED_I2C_128X64/debug/_ext/177302722/initialization.o
 .ARM.attributes
                0x00000202       0x2c build/SAMC21_OLED_I2C_128X64/debug/_ext/177302722/exceptions.o
 .ARM.attributes
                0x0000022e       0x2c build/SAMC21_OLED_I2C_128X64/debug/_ext/177302722/interrupts.o
 .ARM.attributes
                0x0000025a       0x2c build/SAMC21_OLED_I2C_128X64/debug/_ext/1360937237/main.o
 .ARM.attributes
                0x00000286       0x2c build/SAMC21_OLED_I2C_128X64/debug/_ext/1360937237/ssd1306.o
 .ARM.attributes
                0x000002b2       0x2c build/SAMC21_OLED_I2C_128X64/debug/_ext/451464735/fonts.o
 .ARM.attributes
                0x000002de       0x2c c:/program files/microchip/xc32/v4.20/bin/bin/../../lib/gcc/pic32c/8.3.1/../../../../pic32c/lib/thumb/v6-m/nofp\libpic32c.a(data_init_wrapper.o)
 .ARM.attributes
                0x0000030a       0x2c c:/program files/microchip/xc32/v4.20/bin/bin/../../lib/gcc/pic32c/8.3.1/../../../../pic32c/lib/thumb/v6-m/nofp\libpic32c.a(data_init_0_1.o)
 .ARM.attributes
                0x00000336       0x2e c:/program files/microchip/xc32/v4.20/bin/bin/../../lib/gcc/pic32c/8.3.1/../../../../pic32c/lib/thumb/v6-m/nofp\libg-musl.a(__libc_start_main.o)
 .ARM.attributes
                0x00000364       0x2e c:/program files/microchip/xc32/v4.20/bin/bin/../../lib/gcc/pic32c/8.3.1/../../../../pic32c/lib/thumb/v6-m/nofp\libg-musl.a(libc.o)
 .ARM.attributes
                0x00000392       0x2e c:/program files/microchip/xc32/v4.20/bin/bin/../../lib/gcc/pic32c/8.3.1/../../../../pic32c/lib/thumb/v6-m/nofp\libg-musl.a(memset.o)
 .ARM.attributes
                0x000003c0       0x2e c:/program files/microchip/xc32/v4.20/bin/bin/../../lib/gcc/pic32c/8.3.1/../../../../pic32c/lib/thumb/v6-m/nofp\libg-musl.a(__environ.o)
 .ARM.attributes
                0x000003ee       0x1e c:/program files/microchip/xc32/v4.20/bin/bin/../../lib/gcc/pic32c/8.3.1/thumb/v6-m/nofp/crtn.o

.comment        0x00000000       0x2b
 .comment       0x00000000       0x2b c:/program files/microchip/xc32/v4.20/bin/bin/../../lib/gcc/pic32c/8.3.1/thumb/v6-m/nofp/crtbegin.o
                                 0x2c (size before relaxing)
 .comment       0x0000002b       0x2c build/SAMC21_OLED_I2C_128X64/debug/_ext/722310036/plib_clock.o
 .comment       0x0000002b       0x2c build/SAMC21_OLED_I2C_128X64/debug/_ext/720160550/plib_evsys.o
 .comment       0x0000002b       0x2c build/SAMC21_OLED_I2C_128X64/debug/_ext/1962625852/plib_nvic.o
 .comment       0x0000002b       0x2c build/SAMC21_OLED_I2C_128X64/debug/_ext/1193147282/plib_nvmctrl.o
 .comment       0x0000002b       0x2c build/SAMC21_OLED_I2C_128X64/debug/_ext/1962572701/plib_port.o
 .comment       0x0000002b       0x2c build/SAMC21_OLED_I2C_128X64/debug/_ext/1599261247/plib_rtc_timer.o
 .comment       0x0000002b       0x2c build/SAMC21_OLED_I2C_128X64/debug/_ext/664460621/plib_sercom5_i2c_master.o
 .comment       0x0000002b       0x2c build/SAMC21_OLED_I2C_128X64/debug/_ext/958672184/plib_systick.o
 .comment       0x0000002b       0x2c build/SAMC21_OLED_I2C_128X64/debug/_ext/177302722/startup_xc32.o
 .comment       0x0000002b       0x2c build/SAMC21_OLED_I2C_128X64/debug/_ext/177302722/initialization.o
 .comment       0x0000002b       0x2c build/SAMC21_OLED_I2C_128X64/debug/_ext/177302722/exceptions.o
 .comment       0x0000002b       0x2c build/SAMC21_OLED_I2C_128X64/debug/_ext/177302722/interrupts.o
 .comment       0x0000002b       0x2c build/SAMC21_OLED_I2C_128X64/debug/_ext/1360937237/main.o
 .comment       0x0000002b       0x2c build/SAMC21_OLED_I2C_128X64/debug/_ext/1360937237/ssd1306.o
 .comment       0x0000002b       0x2c build/SAMC21_OLED_I2C_128X64/debug/_ext/451464735/fonts.o
 .comment       0x0000002b       0x2c c:/program files/microchip/xc32/v4.20/bin/bin/../../lib/gcc/pic32c/8.3.1/../../../../pic32c/lib/thumb/v6-m/nofp\libpic32c.a(data_init_wrapper.o)
 .comment       0x0000002b       0x2c c:/program files/microchip/xc32/v4.20/bin/bin/../../lib/gcc/pic32c/8.3.1/../../../../pic32c/lib/thumb/v6-m/nofp\libpic32c.a(data_init_0_1.o)
 .comment       0x0000002b       0x2c c:/program files/microchip/xc32/v4.20/bin/bin/../../lib/gcc/pic32c/8.3.1/../../../../pic32c/lib/thumb/v6-m/nofp\libg-musl.a(__libc_start_main.o)
 .comment       0x0000002b       0x2c c:/program files/microchip/xc32/v4.20/bin/bin/../../lib/gcc/pic32c/8.3.1/../../../../pic32c/lib/thumb/v6-m/nofp\libg-musl.a(libc.o)
 .comment       0x0000002b       0x2c c:/program files/microchip/xc32/v4.20/bin/bin/../../lib/gcc/pic32c/8.3.1/../../../../pic32c/lib/thumb/v6-m/nofp\libg-musl.a(memset.o)
 .comment       0x0000002b       0x2c c:/program files/microchip/xc32/v4.20/bin/bin/../../lib/gcc/pic32c/8.3.1/../../../../pic32c/lib/thumb/v6-m/nofp\libg-musl.a(__environ.o)

.debug_info     0x00000000     0xb0b3
 .debug_info    0x00000000      0xb07 build/SAMC21_OLED_I2C_128X64/debug/_ext/722310036/plib_clock.o
 .debug_info    0x00000b07      0x347 build/SAMC21_OLED_I2C_128X64/debug/_ext/720160550/plib_evsys.o
 .debug_info    0x00000e4e      0xaf3 build/SAMC21_OLED_I2C_128X64/debug/_ext/1962625852/plib_nvic.o
 .debug_info    0x00001941      0xbff build/SAMC21_OLED_I2C_128X64/debug/_ext/1193147282/plib_nvmctrl.o
 .debug_info    0x00002540      0xd89 build/SAMC21_OLED_I2C_128X64/debug/_ext/1962572701/plib_port.o
 .debug_info    0x000032c9      0xb8c build/SAMC21_OLED_I2C_128X64/debug/_ext/1599261247/plib_rtc_timer.o
 .debug_info    0x00003e55     0x1838 build/SAMC21_OLED_I2C_128X64/debug/_ext/664460621/plib_sercom5_i2c_master.o
 .debug_info    0x0000568d      0x6bf build/SAMC21_OLED_I2C_128X64/debug/_ext/958672184/plib_systick.o
 .debug_info    0x00005d4c      0x4cc build/SAMC21_OLED_I2C_128X64/debug/_ext/177302722/startup_xc32.o
 .debug_info    0x00006218      0x693 build/SAMC21_OLED_I2C_128X64/debug/_ext/177302722/initialization.o
 .debug_info    0x000068ab      0x36b build/SAMC21_OLED_I2C_128X64/debug/_ext/177302722/exceptions.o
 .debug_info    0x00006c16      0x8f8 build/SAMC21_OLED_I2C_128X64/debug/_ext/177302722/interrupts.o
 .debug_info    0x0000750e      0x745 build/SAMC21_OLED_I2C_128X64/debug/_ext/1360937237/main.o
 .debug_info    0x00007c53     0x190b build/SAMC21_OLED_I2C_128X64/debug/_ext/1360937237/ssd1306.o
 .debug_info    0x0000955e      0x5a4 build/SAMC21_OLED_I2C_128X64/debug/_ext/451464735/fonts.o
 .debug_info    0x00009b02      0x296 c:/program files/microchip/xc32/v4.20/bin/bin/../../lib/gcc/pic32c/8.3.1/../../../../pic32c/lib/thumb/v6-m/nofp\libpic32c.a(data_init_wrapper.o)
 .debug_info    0x00009d98      0x297 c:/program files/microchip/xc32/v4.20/bin/bin/../../lib/gcc/pic32c/8.3.1/../../../../pic32c/lib/thumb/v6-m/nofp\libpic32c.a(data_init_0_1.o)
 .debug_info    0x0000a02f      0x615 c:/program files/microchip/xc32/v4.20/bin/bin/../../lib/gcc/pic32c/8.3.1/../../../../pic32c/lib/thumb/v6-m/nofp\libg-musl.a(__libc_start_main.o)
 .debug_info    0x0000a644      0x527 c:/program files/microchip/xc32/v4.20/bin/bin/../../lib/gcc/pic32c/8.3.1/../../../../pic32c/lib/thumb/v6-m/nofp\libg-musl.a(libc.o)
 .debug_info    0x0000ab6b      0x2a7 c:/program files/microchip/xc32/v4.20/bin/bin/../../lib/gcc/pic32c/8.3.1/../../../../pic32c/lib/thumb/v6-m/nofp\libg-musl.a(memset.o)
 .debug_info    0x0000ae12      0x2a1 c:/program files/microchip/xc32/v4.20/bin/bin/../../lib/gcc/pic32c/8.3.1/../../../../pic32c/lib/thumb/v6-m/nofp\libg-musl.a(__environ.o)

.debug_abbrev   0x00000000     0x1810
 .debug_abbrev  0x00000000      0x14f build/SAMC21_OLED_I2C_128X64/debug/_ext/722310036/plib_clock.o
 .debug_abbrev  0x0000014f       0x3b build/SAMC21_OLED_I2C_128X64/debug/_ext/720160550/plib_evsys.o
 .debug_abbrev  0x0000018a      0x1fd build/SAMC21_OLED_I2C_128X64/debug/_ext/1962625852/plib_nvic.o
 .debug_abbrev  0x00000387      0x1ba build/SAMC21_OLED_I2C_128X64/debug/_ext/1193147282/plib_nvmctrl.o
 .debug_abbrev  0x00000541      0x1d6 build/SAMC21_OLED_I2C_128X64/debug/_ext/1962572701/plib_port.o
 .debug_abbrev  0x00000717      0x189 build/SAMC21_OLED_I2C_128X64/debug/_ext/1599261247/plib_rtc_timer.o
 .debug_abbrev  0x000008a0      0x3d7 build/SAMC21_OLED_I2C_128X64/debug/_ext/664460621/plib_sercom5_i2c_master.o
 .debug_abbrev  0x00000c77      0x108 build/SAMC21_OLED_I2C_128X64/debug/_ext/958672184/plib_systick.o
 .debug_abbrev  0x00000d7f      0x110 build/SAMC21_OLED_I2C_128X64/debug/_ext/177302722/startup_xc32.o
 .debug_abbrev  0x00000e8f       0xfa build/SAMC21_OLED_I2C_128X64/debug/_ext/177302722/initialization.o
 .debug_abbrev  0x00000f89       0x3e build/SAMC21_OLED_I2C_128X64/debug/_ext/177302722/exceptions.o
 .debug_abbrev  0x00000fc7       0xb5 build/SAMC21_OLED_I2C_128X64/debug/_ext/177302722/interrupts.o
 .debug_abbrev  0x0000107c      0x13e build/SAMC21_OLED_I2C_128X64/debug/_ext/1360937237/main.o
 .debug_abbrev  0x000011ba      0x22a build/SAMC21_OLED_I2C_128X64/debug/_ext/1360937237/ssd1306.o
 .debug_abbrev  0x000013e4      0x113 build/SAMC21_OLED_I2C_128X64/debug/_ext/451464735/fonts.o
 .debug_abbrev  0x000014f7       0x2e c:/program files/microchip/xc32/v4.20/bin/bin/../../lib/gcc/pic32c/8.3.1/../../../../pic32c/lib/thumb/v6-m/nofp\libpic32c.a(data_init_wrapper.o)
 .debug_abbrev  0x00001525       0x2e c:/program files/microchip/xc32/v4.20/bin/bin/../../lib/gcc/pic32c/8.3.1/../../../../pic32c/lib/thumb/v6-m/nofp\libpic32c.a(data_init_0_1.o)
 .debug_abbrev  0x00001553      0x117 c:/program files/microchip/xc32/v4.20/bin/bin/../../lib/gcc/pic32c/8.3.1/../../../../pic32c/lib/thumb/v6-m/nofp\libg-musl.a(__libc_start_main.o)
 .debug_abbrev  0x0000166a       0xb8 c:/program files/microchip/xc32/v4.20/bin/bin/../../lib/gcc/pic32c/8.3.1/../../../../pic32c/lib/thumb/v6-m/nofp\libg-musl.a(libc.o)
 .debug_abbrev  0x00001722       0x97 c:/program files/microchip/xc32/v4.20/bin/bin/../../lib/gcc/pic32c/8.3.1/../../../../pic32c/lib/thumb/v6-m/nofp\libg-musl.a(memset.o)
 .debug_abbrev  0x000017b9       0x57 c:/program files/microchip/xc32/v4.20/bin/bin/../../lib/gcc/pic32c/8.3.1/../../../../pic32c/lib/thumb/v6-m/nofp\libg-musl.a(__environ.o)

.debug_loc      0x00000000     0x2976
 .debug_loc     0x00000000       0x45 build/SAMC21_OLED_I2C_128X64/debug/_ext/722310036/plib_clock.o
 .debug_loc     0x00000045       0xd2 build/SAMC21_OLED_I2C_128X64/debug/_ext/1962625852/plib_nvic.o
 .debug_loc     0x00000117      0x689 build/SAMC21_OLED_I2C_128X64/debug/_ext/1193147282/plib_nvmctrl.o
 .debug_loc     0x000007a0      0x226 build/SAMC21_OLED_I2C_128X64/debug/_ext/1962572701/plib_port.o
 .debug_loc     0x000009c6       0x6a build/SAMC21_OLED_I2C_128X64/debug/_ext/1599261247/plib_rtc_timer.o
 .debug_loc     0x00000a30      0xad6 build/SAMC21_OLED_I2C_128X64/debug/_ext/664460621/plib_sercom5_i2c_master.o
 .debug_loc     0x00001506      0x2d3 build/SAMC21_OLED_I2C_128X64/debug/_ext/958672184/plib_systick.o
 .debug_loc     0x000017d9       0x20 build/SAMC21_OLED_I2C_128X64/debug/_ext/177302722/startup_xc32.o
 .debug_loc     0x000017f9       0x45 build/SAMC21_OLED_I2C_128X64/debug/_ext/177302722/initialization.o
 .debug_loc     0x0000183e       0x4c build/SAMC21_OLED_I2C_128X64/debug/_ext/1360937237/main.o
 .debug_loc     0x0000188a      0xf33 build/SAMC21_OLED_I2C_128X64/debug/_ext/1360937237/ssd1306.o
 .debug_loc     0x000027bd       0xb3 build/SAMC21_OLED_I2C_128X64/debug/_ext/451464735/fonts.o
 .debug_loc     0x00002870       0x14 c:/program files/microchip/xc32/v4.20/bin/bin/../../lib/gcc/pic32c/8.3.1/../../../../pic32c/lib/thumb/v6-m/nofp\libpic32c.a(data_init_wrapper.o)
 .debug_loc     0x00002884       0x14 c:/program files/microchip/xc32/v4.20/bin/bin/../../lib/gcc/pic32c/8.3.1/../../../../pic32c/lib/thumb/v6-m/nofp\libpic32c.a(data_init_0_1.o)
 .debug_loc     0x00002898       0x5e c:/program files/microchip/xc32/v4.20/bin/bin/../../lib/gcc/pic32c/8.3.1/../../../../pic32c/lib/thumb/v6-m/nofp\libg-musl.a(__libc_start_main.o)
 .debug_loc     0x000028f6       0x80 c:/program files/microchip/xc32/v4.20/bin/bin/../../lib/gcc/pic32c/8.3.1/../../../../pic32c/lib/thumb/v6-m/nofp\libg-musl.a(memset.o)

.debug_aranges  0x00000000      0x540
 .debug_aranges
                0x00000000       0x20 build/SAMC21_OLED_I2C_128X64/debug/_ext/722310036/plib_clock.o
 .debug_aranges
                0x00000020       0x20 build/SAMC21_OLED_I2C_128X64/debug/_ext/720160550/plib_evsys.o
 .debug_aranges
                0x00000040       0x38 build/SAMC21_OLED_I2C_128X64/debug/_ext/1962625852/plib_nvic.o
 .debug_aranges
                0x00000078       0xa0 build/SAMC21_OLED_I2C_128X64/debug/_ext/1193147282/plib_nvmctrl.o
 .debug_aranges
                0x00000118       0x70 build/SAMC21_OLED_I2C_128X64/debug/_ext/1962572701/plib_port.o
 .debug_aranges
                0x00000188       0x88 build/SAMC21_OLED_I2C_128X64/debug/_ext/1599261247/plib_rtc_timer.o
 .debug_aranges
                0x00000210       0x70 build/SAMC21_OLED_I2C_128X64/debug/_ext/664460621/plib_sercom5_i2c_master.o
 .debug_aranges
                0x00000280       0x70 build/SAMC21_OLED_I2C_128X64/debug/_ext/958672184/plib_systick.o
 .debug_aranges
                0x000002f0       0x28 build/SAMC21_OLED_I2C_128X64/debug/_ext/177302722/startup_xc32.o
 .debug_aranges
                0x00000318       0x20 build/SAMC21_OLED_I2C_128X64/debug/_ext/177302722/initialization.o
 .debug_aranges
                0x00000338       0x28 build/SAMC21_OLED_I2C_128X64/debug/_ext/177302722/exceptions.o
 .debug_aranges
                0x00000360       0x20 build/SAMC21_OLED_I2C_128X64/debug/_ext/177302722/interrupts.o
 .debug_aranges
                0x00000380       0x28 build/SAMC21_OLED_I2C_128X64/debug/_ext/1360937237/main.o
 .debug_aranges
                0x000003a8       0xc0 build/SAMC21_OLED_I2C_128X64/debug/_ext/1360937237/ssd1306.o
 .debug_aranges
                0x00000468       0x20 build/SAMC21_OLED_I2C_128X64/debug/_ext/451464735/fonts.o
 .debug_aranges
                0x00000488       0x20 c:/program files/microchip/xc32/v4.20/bin/bin/../../lib/gcc/pic32c/8.3.1/../../../../pic32c/lib/thumb/v6-m/nofp\libpic32c.a(data_init_wrapper.o)
 .debug_aranges
                0x000004a8       0x20 c:/program files/microchip/xc32/v4.20/bin/bin/../../lib/gcc/pic32c/8.3.1/../../../../pic32c/lib/thumb/v6-m/nofp\libpic32c.a(data_init_0_1.o)
 .debug_aranges
                0x000004c8       0x28 c:/program files/microchip/xc32/v4.20/bin/bin/../../lib/gcc/pic32c/8.3.1/../../../../pic32c/lib/thumb/v6-m/nofp\libg-musl.a(__libc_start_main.o)
 .debug_aranges
                0x000004f0       0x18 c:/program files/microchip/xc32/v4.20/bin/bin/../../lib/gcc/pic32c/8.3.1/../../../../pic32c/lib/thumb/v6-m/nofp\libg-musl.a(libc.o)
 .debug_aranges
                0x00000508       0x20 c:/program files/microchip/xc32/v4.20/bin/bin/../../lib/gcc/pic32c/8.3.1/../../../../pic32c/lib/thumb/v6-m/nofp\libg-musl.a(memset.o)
 .debug_aranges
                0x00000528       0x18 c:/program files/microchip/xc32/v4.20/bin/bin/../../lib/gcc/pic32c/8.3.1/../../../../pic32c/lib/thumb/v6-m/nofp\libg-musl.a(__environ.o)

.debug_ranges   0x00000000      0x4c0
 .debug_ranges  0x00000000       0x10 build/SAMC21_OLED_I2C_128X64/debug/_ext/722310036/plib_clock.o
 .debug_ranges  0x00000010       0x10 build/SAMC21_OLED_I2C_128X64/debug/_ext/720160550/plib_evsys.o
 .debug_ranges  0x00000020       0x28 build/SAMC21_OLED_I2C_128X64/debug/_ext/1962625852/plib_nvic.o
 .debug_ranges  0x00000048       0x90 build/SAMC21_OLED_I2C_128X64/debug/_ext/1193147282/plib_nvmctrl.o
 .debug_ranges  0x000000d8       0x60 build/SAMC21_OLED_I2C_128X64/debug/_ext/1962572701/plib_port.o
 .debug_ranges  0x00000138       0x78 build/SAMC21_OLED_I2C_128X64/debug/_ext/1599261247/plib_rtc_timer.o
 .debug_ranges  0x000001b0       0xe0 build/SAMC21_OLED_I2C_128X64/debug/_ext/664460621/plib_sercom5_i2c_master.o
 .debug_ranges  0x00000290       0x60 build/SAMC21_OLED_I2C_128X64/debug/_ext/958672184/plib_systick.o
 .debug_ranges  0x000002f0       0x18 build/SAMC21_OLED_I2C_128X64/debug/_ext/177302722/startup_xc32.o
 .debug_ranges  0x00000308       0x10 build/SAMC21_OLED_I2C_128X64/debug/_ext/177302722/initialization.o
 .debug_ranges  0x00000318       0x18 build/SAMC21_OLED_I2C_128X64/debug/_ext/177302722/exceptions.o
 .debug_ranges  0x00000330       0x10 build/SAMC21_OLED_I2C_128X64/debug/_ext/177302722/interrupts.o
 .debug_ranges  0x00000340       0x18 build/SAMC21_OLED_I2C_128X64/debug/_ext/1360937237/main.o
 .debug_ranges  0x00000358       0xf8 build/SAMC21_OLED_I2C_128X64/debug/_ext/1360937237/ssd1306.o
 .debug_ranges  0x00000450       0x10 build/SAMC21_OLED_I2C_128X64/debug/_ext/451464735/fonts.o
 .debug_ranges  0x00000460       0x10 c:/program files/microchip/xc32/v4.20/bin/bin/../../lib/gcc/pic32c/8.3.1/../../../../pic32c/lib/thumb/v6-m/nofp\libpic32c.a(data_init_wrapper.o)
 .debug_ranges  0x00000470       0x10 c:/program files/microchip/xc32/v4.20/bin/bin/../../lib/gcc/pic32c/8.3.1/../../../../pic32c/lib/thumb/v6-m/nofp\libpic32c.a(data_init_0_1.o)
 .debug_ranges  0x00000480       0x30 c:/program files/microchip/xc32/v4.20/bin/bin/../../lib/gcc/pic32c/8.3.1/../../../../pic32c/lib/thumb/v6-m/nofp\libg-musl.a(__libc_start_main.o)
 .debug_ranges  0x000004b0       0x10 c:/program files/microchip/xc32/v4.20/bin/bin/../../lib/gcc/pic32c/8.3.1/../../../../pic32c/lib/thumb/v6-m/nofp\libg-musl.a(memset.o)

.debug_line     0x00000000     0x31f0
 .debug_line    0x00000000      0x1d6 build/SAMC21_OLED_I2C_128X64/debug/_ext/722310036/plib_clock.o
 .debug_line    0x000001d6       0x75 build/SAMC21_OLED_I2C_128X64/debug/_ext/720160550/plib_evsys.o
 .debug_line    0x0000024b      0x2f0 build/SAMC21_OLED_I2C_128X64/debug/_ext/1962625852/plib_nvic.o
 .debug_line    0x0000053b      0x45d build/SAMC21_OLED_I2C_128X64/debug/_ext/1193147282/plib_nvmctrl.o
 .debug_line    0x00000998      0x299 build/SAMC21_OLED_I2C_128X64/debug/_ext/1962572701/plib_port.o
 .debug_line    0x00000c31      0x3b7 build/SAMC21_OLED_I2C_128X64/debug/_ext/1599261247/plib_rtc_timer.o
 .debug_line    0x00000fe8      0x804 build/SAMC21_OLED_I2C_128X64/debug/_ext/664460621/plib_sercom5_i2c_master.o
 .debug_line    0x000017ec      0x323 build/SAMC21_OLED_I2C_128X64/debug/_ext/958672184/plib_systick.o
 .debug_line    0x00001b0f      0x167 build/SAMC21_OLED_I2C_128X64/debug/_ext/177302722/startup_xc32.o
 .debug_line    0x00001c76      0x350 build/SAMC21_OLED_I2C_128X64/debug/_ext/177302722/initialization.o
 .debug_line    0x00001fc6       0x7f build/SAMC21_OLED_I2C_128X64/debug/_ext/177302722/exceptions.o
 .debug_line    0x00002045       0xc9 build/SAMC21_OLED_I2C_128X64/debug/_ext/177302722/interrupts.o
 .debug_line    0x0000210e      0x163 build/SAMC21_OLED_I2C_128X64/debug/_ext/1360937237/main.o
 .debug_line    0x00002271      0x7d7 build/SAMC21_OLED_I2C_128X64/debug/_ext/1360937237/ssd1306.o
 .debug_line    0x00002a48      0x179 build/SAMC21_OLED_I2C_128X64/debug/_ext/451464735/fonts.o
 .debug_line    0x00002bc1       0xab c:/program files/microchip/xc32/v4.20/bin/bin/../../lib/gcc/pic32c/8.3.1/../../../../pic32c/lib/thumb/v6-m/nofp\libpic32c.a(data_init_wrapper.o)
 .debug_line    0x00002c6c      0x113 c:/program files/microchip/xc32/v4.20/bin/bin/../../lib/gcc/pic32c/8.3.1/../../../../pic32c/lib/thumb/v6-m/nofp\libpic32c.a(data_init_0_1.o)
 .debug_line    0x00002d7f      0x1c8 c:/program files/microchip/xc32/v4.20/bin/bin/../../lib/gcc/pic32c/8.3.1/../../../../pic32c/lib/thumb/v6-m/nofp\libg-musl.a(__libc_start_main.o)
 .debug_line    0x00002f47       0xbb c:/program files/microchip/xc32/v4.20/bin/bin/../../lib/gcc/pic32c/8.3.1/../../../../pic32c/lib/thumb/v6-m/nofp\libg-musl.a(libc.o)
 .debug_line    0x00003002       0xe7 c:/program files/microchip/xc32/v4.20/bin/bin/../../lib/gcc/pic32c/8.3.1/../../../../pic32c/lib/thumb/v6-m/nofp\libg-musl.a(memset.o)
 .debug_line    0x000030e9      0x107 c:/program files/microchip/xc32/v4.20/bin/bin/../../lib/gcc/pic32c/8.3.1/../../../../pic32c/lib/thumb/v6-m/nofp\libg-musl.a(__environ.o)

.debug_str      0x00000000      0x423
 .debug_str     0x00000000       0x1e build/SAMC21_OLED_I2C_128X64/debug/_ext/722310036/plib_clock.o
 .debug_str     0x0000001e        0x0 build/SAMC21_OLED_I2C_128X64/debug/_ext/720160550/plib_evsys.o
 .debug_str     0x0000001e        0xa build/SAMC21_OLED_I2C_128X64/debug/_ext/1962625852/plib_nvic.o
 .debug_str     0x00000028       0x16 build/SAMC21_OLED_I2C_128X64/debug/_ext/1193147282/plib_nvmctrl.o
 .debug_str     0x0000003e        0xb build/SAMC21_OLED_I2C_128X64/debug/_ext/1962572701/plib_port.o
 .debug_str     0x00000049       0xaa build/SAMC21_OLED_I2C_128X64/debug/_ext/1599261247/plib_rtc_timer.o
 .debug_str     0x000000f3      0x157 build/SAMC21_OLED_I2C_128X64/debug/_ext/664460621/plib_sercom5_i2c_master.o
 .debug_str     0x0000024a       0x3c build/SAMC21_OLED_I2C_128X64/debug/_ext/958672184/plib_systick.o
 .debug_str     0x00000286       0x2f build/SAMC21_OLED_I2C_128X64/debug/_ext/177302722/startup_xc32.o
 .debug_str     0x000002b5       0x93 build/SAMC21_OLED_I2C_128X64/debug/_ext/177302722/initialization.o
 .debug_str     0x00000348        0x0 build/SAMC21_OLED_I2C_128X64/debug/_ext/177302722/exceptions.o
 .debug_str     0x00000348        0x0 build/SAMC21_OLED_I2C_128X64/debug/_ext/177302722/interrupts.o
 .debug_str     0x00000348       0x9a build/SAMC21_OLED_I2C_128X64/debug/_ext/1360937237/main.o
 .debug_str     0x000003e2       0x41 build/SAMC21_OLED_I2C_128X64/debug/_ext/1360937237/ssd1306.o
 .debug_str     0x00000423        0x0 build/SAMC21_OLED_I2C_128X64/debug/_ext/451464735/fonts.o
 .debug_str     0x00000423        0x0 c:/program files/microchip/xc32/v4.20/bin/bin/../../lib/gcc/pic32c/8.3.1/../../../../pic32c/lib/thumb/v6-m/nofp\libpic32c.a(data_init_wrapper.o)
 .debug_str     0x00000423        0x0 c:/program files/microchip/xc32/v4.20/bin/bin/../../lib/gcc/pic32c/8.3.1/../../../../pic32c/lib/thumb/v6-m/nofp\libpic32c.a(data_init_0_1.o)
 .debug_str     0x00000423        0x0 c:/program files/microchip/xc32/v4.20/bin/bin/../../lib/gcc/pic32c/8.3.1/../../../../pic32c/lib/thumb/v6-m/nofp\libg-musl.a(__libc_start_main.o)
 .debug_str     0x00000423        0x0 c:/program files/microchip/xc32/v4.20/bin/bin/../../lib/gcc/pic32c/8.3.1/../../../../pic32c/lib/thumb/v6-m/nofp\libg-musl.a(libc.o)
 .debug_str     0x00000423        0x0 c:/program files/microchip/xc32/v4.20/bin/bin/../../lib/gcc/pic32c/8.3.1/../../../../pic32c/lib/thumb/v6-m/nofp\libg-musl.a(memset.o)
 .debug_str     0x00000423        0x0 c:/program files/microchip/xc32/v4.20/bin/bin/../../lib/gcc/pic32c/8.3.1/../../../../pic32c/lib/thumb/v6-m/nofp\libg-musl.a(__environ.o)

.debug_frame    0x00000000      0x9ac
 .debug_frame   0x00000000       0x20 build/SAMC21_OLED_I2C_128X64/debug/_ext/722310036/plib_clock.o
 .debug_frame   0x00000020       0x20 build/SAMC21_OLED_I2C_128X64/debug/_ext/720160550/plib_evsys.o
 .debug_frame   0x00000040       0x58 build/SAMC21_OLED_I2C_128X64/debug/_ext/1962625852/plib_nvic.o
 .debug_frame   0x00000098      0x148 build/SAMC21_OLED_I2C_128X64/debug/_ext/1193147282/plib_nvmctrl.o
 .debug_frame   0x000001e0       0xcc build/SAMC21_OLED_I2C_128X64/debug/_ext/1962572701/plib_port.o
 .debug_frame   0x000002ac       0xf8 build/SAMC21_OLED_I2C_128X64/debug/_ext/1599261247/plib_rtc_timer.o
 .debug_frame   0x000003a4       0xf8 build/SAMC21_OLED_I2C_128X64/debug/_ext/664460621/plib_sercom5_i2c_master.o
 .debug_frame   0x0000049c       0xd8 build/SAMC21_OLED_I2C_128X64/debug/_ext/958672184/plib_systick.o
 .debug_frame   0x00000574       0x38 build/SAMC21_OLED_I2C_128X64/debug/_ext/177302722/startup_xc32.o
 .debug_frame   0x000005ac       0x28 build/SAMC21_OLED_I2C_128X64/debug/_ext/177302722/initialization.o
 .debug_frame   0x000005d4       0x30 build/SAMC21_OLED_I2C_128X64/debug/_ext/177302722/exceptions.o
 .debug_frame   0x00000604       0x20 build/SAMC21_OLED_I2C_128X64/debug/_ext/177302722/interrupts.o
 .debug_frame   0x00000624       0x48 build/SAMC21_OLED_I2C_128X64/debug/_ext/1360937237/main.o
 .debug_frame   0x0000066c      0x264 build/SAMC21_OLED_I2C_128X64/debug/_ext/1360937237/ssd1306.o
 .debug_frame   0x000008d0       0x2c build/SAMC21_OLED_I2C_128X64/debug/_ext/451464735/fonts.o
 .debug_frame   0x000008fc       0x28 c:/program files/microchip/xc32/v4.20/bin/bin/../../lib/gcc/pic32c/8.3.1/../../../../pic32c/lib/thumb/v6-m/nofp\libpic32c.a(data_init_wrapper.o)
 .debug_frame   0x00000924       0x30 c:/program files/microchip/xc32/v4.20/bin/bin/../../lib/gcc/pic32c/8.3.1/../../../../pic32c/lib/thumb/v6-m/nofp\libpic32c.a(data_init_0_1.o)
 .debug_frame   0x00000954       0x38 c:/program files/microchip/xc32/v4.20/bin/bin/../../lib/gcc/pic32c/8.3.1/../../../../pic32c/lib/thumb/v6-m/nofp\libg-musl.a(__libc_start_main.o)
 .debug_frame   0x0000098c       0x20 c:/program files/microchip/xc32/v4.20/bin/bin/../../lib/gcc/pic32c/8.3.1/../../../../pic32c/lib/thumb/v6-m/nofp\libg-musl.a(memset.o)

.note.GNU-stack
                0x00000000        0x0
 .note.GNU-stack
                0x00000000        0x0 c:/program files/microchip/xc32/v4.20/bin/bin/../../lib/gcc/pic32c/8.3.1/../../../../pic32c/lib/thumb/v6-m/nofp\libg-musl.a(__libc_start_main.o)
 .note.GNU-stack
                0x00000000        0x0 c:/program files/microchip/xc32/v4.20/bin/bin/../../lib/gcc/pic32c/8.3.1/../../../../pic32c/lib/thumb/v6-m/nofp\libg-musl.a(libc.o)
 .note.GNU-stack
                0x00000000        0x0 c:/program files/microchip/xc32/v4.20/bin/bin/../../lib/gcc/pic32c/8.3.1/../../../../pic32c/lib/thumb/v6-m/nofp\libg-musl.a(memset.o)
 .note.GNU-stack
                0x00000000        0x0 c:/program files/microchip/xc32/v4.20/bin/bin/../../lib/gcc/pic32c/8.3.1/../../../../pic32c/lib/thumb/v6-m/nofp\libg-musl.a(__environ.o)

.stack          0x200006d8      0x100
 .stack         0x200006d8      0x100 stack

.bss%1          0x20000000       0x50
 .bss           0x20000000       0x50 c:/program files/microchip/xc32/v4.20/bin/bin/../../lib/gcc/pic32c/8.3.1/../../../../pic32c/lib/thumb/v6-m/nofp\libg-musl.a(libc.o)
                0x20000000                __progname_full
                0x20000000                program_invocation_name
                0x20000004                program_invocation_short_name
                0x20000004                __progname
                0x20000008                __sysinfo
                0x2000000c                __hwcap
                0x20000010                __libc

.bss.sercom5I2CObj%2
                0x20000050       0x2c
 .bss.sercom5I2CObj
                0x20000050       0x2c build/SAMC21_OLED_I2C_128X64/debug/_ext/664460621/plib_sercom5_i2c_master.o

.bss%3          0x2000007c       0x1c
 .bss           0x2000007c       0x1c c:/program files/microchip/xc32/v4.20/bin/bin/../../lib/gcc/pic32c/8.3.1/thumb/v6-m/nofp/crtbegin.o

.bss.rtcObj%4   0x20000098        0xc
 .bss.rtcObj    0x20000098        0xc build/SAMC21_OLED_I2C_128X64/debug/_ext/1599261247/plib_rtc_timer.o

.bss.SSD1306%5  0x200000a4        0x6
 .bss.SSD1306   0x200000a4        0x6 build/SAMC21_OLED_I2C_128X64/debug/_ext/1360937237/ssd1306.o

.bss%6          0x200000ac        0x8
 .bss           0x200000ac        0x4 c:/program files/microchip/xc32/v4.20/bin/bin/../../lib/gcc/pic32c/8.3.1/../../../../pic32c/lib/thumb/v6-m/nofp\libpic32c.a(data_init_0_1.o)
 .bss           0x200000b0        0x4 c:/program files/microchip/xc32/v4.20/bin/bin/../../lib/gcc/pic32c/8.3.1/../../../../pic32c/lib/thumb/v6-m/nofp\libg-musl.a(__environ.o)
                0x200000b0                __environ
                0x200000b0                environ
                0x200000b0                ___environ
                0x200000b0                _environ

.data.SSD1306_BUFFER%8
                0x200000b4      0x400
 .data.SSD1306_BUFFER
                0x200000b4      0x400 build/SAMC21_OLED_I2C_128X64/debug/_ext/1360937237/ssd1306.o

.data.Font_7x10%9
                0x200004b4        0x8
 .data.Font_7x10
                0x200004b4        0x8 build/SAMC21_OLED_I2C_128X64/debug/_ext/451464735/fonts.o
                0x200004b4                Font_7x10

.eh_frame%z1    0x00000000        0x0
 .eh_frame      0x00000000        0x0 c:/program files/microchip/xc32/v4.20/bin/bin/../../lib/gcc/pic32c/8.3.1/thumb/v6-m/nofp/crtbegin.o

.config_00804000.__config_00804000%10
                0x00804000        0x4
 .config_00804000.__config_00804000
                0x00804000        0x4 build/SAMC21_OLED_I2C_128X64/debug/_ext/177302722/initialization.o
                0x00804000                __config_00804000

.config_00804004.__config_00804004%11
                0x00804004        0x4
 .config_00804004.__config_00804004
                0x00804004        0x4 build/SAMC21_OLED_I2C_128X64/debug/_ext/177302722/initialization.o
                0x00804004                __config_00804004

.rodata.Font7x10%12
                0x000000dc      0x76c
 .rodata.Font7x10
                0x000000dc      0x76c build/SAMC21_OLED_I2C_128X64/debug/_ext/451464735/fonts.o
                0x000000dc                Font7x10

.dinit%13       0x00000848      0x480
 .dinit         0x00000848      0x480 data_init

.text.SERCOM5_I2C_InterruptHandler%14
                0x00000cc8      0x1b0
 .text.SERCOM5_I2C_InterruptHandler
                0x00000cc8      0x1b0 build/SAMC21_OLED_I2C_128X64/debug/_ext/664460621/plib_sercom5_i2c_master.o
                0x00000cc8                SERCOM5_I2C_InterruptHandler

.text.SSD1306_DrawLine%15
                0x00000e78      0x174
 .text.SSD1306_DrawLine
                0x00000e78      0x174 build/SAMC21_OLED_I2C_128X64/debug/_ext/1360937237/ssd1306.o
                0x00000e78                SSD1306_DrawLine

.text.SSD1306_INIT%16
                0x00000fec      0x148
 .text.SSD1306_INIT
                0x00000fec      0x148 build/SAMC21_OLED_I2C_128X64/debug/_ext/1360937237/ssd1306.o
                0x00000fec                SSD1306_INIT

.text.SSD1306_Putc%17
                0x00001134       0xc0
 .text.SSD1306_Putc
                0x00001134       0xc0 build/SAMC21_OLED_I2C_128X64/debug/_ext/1360937237/ssd1306.o
                0x00001134                SSD1306_Putc

.text.SSD1306_DrawBitmap%18
                0x000011f4       0xb2
 .text.SSD1306_DrawBitmap
                0x000011f4       0xb2 build/SAMC21_OLED_I2C_128X64/debug/_ext/1360937237/ssd1306.o
                0x000011f4                SSD1306_DrawBitmap

.text.main_menu%19
                0x000012a8       0xac
 .text.main_menu
                0x000012a8       0xac build/SAMC21_OLED_I2C_128X64/debug/_ext/1360937237/main.o
                0x000012a8                main_menu

.text.CLOCK_Initialize%20
                0x00001354       0x78
 .text.CLOCK_Initialize
                0x00001354       0x78 build/SAMC21_OLED_I2C_128X64/debug/_ext/722310036/plib_clock.o
                0x00001354                CLOCK_Initialize

.text.SSD1306_DrawRectangle%21
                0x000013cc       0x76
 .text.SSD1306_DrawRectangle
                0x000013cc       0x76 build/SAMC21_OLED_I2C_128X64/debug/_ext/1360937237/ssd1306.o
                0x000013cc                SSD1306_DrawRectangle

.text.__pic32c_data_initialization_impl%22
                0x00001444       0x70
 .text.__pic32c_data_initialization_impl
                0x00001444       0x70 c:/program files/microchip/xc32/v4.20/bin/bin/../../lib/gcc/pic32c/8.3.1/../../../../pic32c/lib/thumb/v6-m/nofp\libpic32c.a(data_init_0_1.o)
                0x00001444                __copy_needed
                0x00001444                __pic32c_data_initialization_impl

.text.SERCOM5_I2C_Initialize%23
                0x000014b4       0x60
 .text.SERCOM5_I2C_Initialize
                0x000014b4       0x60 build/SAMC21_OLED_I2C_128X64/debug/_ext/664460621/plib_sercom5_i2c_master.o
                0x000014b4                SERCOM5_I2C_Initialize

.text.__libc_start_init%24
                0x00001514       0x5c
 .text.__libc_start_init
                0x00001514       0x5c c:/program files/microchip/xc32/v4.20/bin/bin/../../lib/gcc/pic32c/8.3.1/../../../../pic32c/lib/thumb/v6-m/nofp\libg-musl.a(__libc_start_main.o)
                0x00001514                __libc_init_array

.text.SSD1306_DrawPixel%25
                0x00001570       0x58
 .text.SSD1306_DrawPixel
                0x00001570       0x58 build/SAMC21_OLED_I2C_128X64/debug/_ext/1360937237/ssd1306.o
                0x00001570                SSD1306_DrawPixel

.text.SERCOM5_I2C_InitiateTransfer%26
                0x000015c8       0x54
 .text.SERCOM5_I2C_InitiateTransfer
                0x000015c8       0x54 build/SAMC21_OLED_I2C_128X64/debug/_ext/664460621/plib_sercom5_i2c_master.o

.text%27        0x0000161c       0x48
 .text          0x0000161c       0x48 c:/program files/microchip/xc32/v4.20/bin/bin/../../lib/gcc/pic32c/8.3.1/thumb/v6-m/nofp/crtbegin.o

.text.RTC_Initialize%28
                0x00001664       0x48
 .text.RTC_Initialize
                0x00001664       0x48 build/SAMC21_OLED_I2C_128X64/debug/_ext/1599261247/plib_rtc_timer.o
                0x00001664                RTC_Initialize

.text.Reset_Handler%29
                0x000016ac       0x48
 .text.Reset_Handler
                0x000016ac       0x48 build/SAMC21_OLED_I2C_128X64/debug/_ext/177302722/startup_xc32.o
                0x000016ac                Reset_Handler

.text.SYSTICK_DelayMs%30
                0x000016f4       0x40
 .text.SYSTICK_DelayMs
                0x000016f4       0x40 build/SAMC21_OLED_I2C_128X64/debug/_ext/958672184/plib_systick.o
                0x000016f4                SYSTICK_DelayMs

.text.SSD1306_UpdateScreen%31
                0x00001734       0x40
 .text.SSD1306_UpdateScreen
                0x00001734       0x40 build/SAMC21_OLED_I2C_128X64/debug/_ext/1360937237/ssd1306.o
                0x00001734                SSD1306_UpdateScreen

.text.NVIC_Initialize%32
                0x00001774       0x3c
 .text.NVIC_Initialize
                0x00001774       0x3c build/SAMC21_OLED_I2C_128X64/debug/_ext/1962625852/plib_nvic.o
                0x00001774                NVIC_Initialize

.text.SERCOM5_I2C_Write%33
                0x000017b0       0x34
 .text.SERCOM5_I2C_Write
                0x000017b0       0x34 build/SAMC21_OLED_I2C_128X64/debug/_ext/664460621/plib_sercom5_i2c_master.o
                0x000017b0                SERCOM5_I2C_Write

.text.SYS_Initialize%34
                0x000017e4       0x30
 .text.SYS_Initialize
                0x000017e4       0x30 build/SAMC21_OLED_I2C_128X64/debug/_ext/177302722/initialization.o
                0x000017e4                SYS_Initialize

.rodata%35      0x00001814       0x30
 .rodata        0x00001814       0x30 build/SAMC21_OLED_I2C_128X64/debug/_ext/1360937237/main.o

.text.SSD1306_I2C_MULTI_WRITE%36
                0x00001844       0x2e
 .text.SSD1306_I2C_MULTI_WRITE
                0x00001844       0x2e build/SAMC21_OLED_I2C_128X64/debug/_ext/1360937237/ssd1306.o
                0x00001844                SSD1306_I2C_MULTI_WRITE

.text.RTC_InterruptHandler%37
                0x00001874       0x2c
 .text.RTC_InterruptHandler
                0x00001874       0x2c build/SAMC21_OLED_I2C_128X64/debug/_ext/1599261247/plib_rtc_timer.o
                0x00001874                RTC_InterruptHandler

.text.SERCOM5_I2C_IsBusy%38
                0x000018a0       0x28
 .text.SERCOM5_I2C_IsBusy
                0x000018a0       0x28 build/SAMC21_OLED_I2C_128X64/debug/_ext/664460621/plib_sercom5_i2c_master.o
                0x000018a0                SERCOM5_I2C_IsBusy

.text.SSD1306_Puts%39
                0x000018c8       0x28
 .text.SSD1306_Puts
                0x000018c8       0x28 build/SAMC21_OLED_I2C_128X64/debug/_ext/1360937237/ssd1306.o
                0x000018c8                SSD1306_Puts

.text.main%40   0x000018f0       0x22
 .text.main     0x000018f0       0x22 build/SAMC21_OLED_I2C_128X64/debug/_ext/1360937237/main.o
                0x000018f0                main

.text.SSD1306_I2C_WRITE%41
                0x00001912       0x20
 .text.SSD1306_I2C_WRITE
                0x00001912       0x20 build/SAMC21_OLED_I2C_128X64/debug/_ext/1360937237/ssd1306.o
                0x00001912                SSD1306_I2C_WRITE

.text.SSD1306_FillScreen%42
                0x00001934       0x20
 .text.SSD1306_FillScreen
                0x00001934       0x20 build/SAMC21_OLED_I2C_128X64/debug/_ext/1360937237/ssd1306.o
                0x00001934                SSD1306_FillScreen

.text.SYSTICK_TimerInitialize%43
                0x00001954       0x1c
 .text.SYSTICK_TimerInitialize
                0x00001954       0x1c build/SAMC21_OLED_I2C_128X64/debug/_ext/958672184/plib_systick.o
                0x00001954                SYSTICK_TimerInitialize

.text.PORT_Initialize%44
                0x00001970       0x16
 .text.PORT_Initialize
                0x00001970       0x16 build/SAMC21_OLED_I2C_128X64/debug/_ext/1962572701/plib_port.o
                0x00001970                PORT_Initialize

.rodata.right_arrow%45
                0x00001988       0x14
 .rodata.right_arrow
                0x00001988       0x14 build/SAMC21_OLED_I2C_128X64/debug/_ext/1360937237/main.o
                0x00001988                right_arrow

.text.memset%46
                0x0000199c       0x10
 .text.memset   0x0000199c       0x10 c:/program files/microchip/xc32/v4.20/bin/bin/../../lib/gcc/pic32c/8.3.1/../../../../pic32c/lib/thumb/v6-m/nofp\libg-musl.a(memset.o)
                0x0000199c                memset

.text.SSD1306_ClearScreen%47
                0x000019ac        0xe
 .text.SSD1306_ClearScreen
                0x000019ac        0xe build/SAMC21_OLED_I2C_128X64/debug/_ext/1360937237/ssd1306.o
                0x000019ac                SSD1306_ClearScreen

.text.NVMCTRL_Initialize%48
                0x000019bc        0xc
 .text.NVMCTRL_Initialize
                0x000019bc        0xc build/SAMC21_OLED_I2C_128X64/debug/_ext/1193147282/plib_nvmctrl.o
                0x000019bc                NVMCTRL_Initialize

.text.SSD1306_GotoXY%49
                0x000019c8        0xc
 .text.SSD1306_GotoXY
                0x000019c8        0xc build/SAMC21_OLED_I2C_128X64/debug/_ext/1360937237/ssd1306.o
                0x000019c8                SSD1306_GotoXY

.text.__pic32c_data_initialization%50
                0x000019d4        0x8
 .text.__pic32c_data_initialization
                0x000019d4        0x8 c:/program files/microchip/xc32/v4.20/bin/bin/../../lib/gcc/pic32c/8.3.1/../../../../pic32c/lib/thumb/v6-m/nofp\libpic32c.a(data_init_wrapper.o)
                0x000019d4                __pic32c_data_initialization

.text.NonMaskableInt_Handler%51
                0x000019dc        0x4
 .text.NonMaskableInt_Handler
                0x000019dc        0x4 build/SAMC21_OLED_I2C_128X64/debug/_ext/177302722/exceptions.o
                0x000019dc                NonMaskableInt_Handler

.text.HardFault_Handler%52
                0x000019e0        0x4
 .text.HardFault_Handler
                0x000019e0        0x4 build/SAMC21_OLED_I2C_128X64/debug/_ext/177302722/exceptions.o
                0x000019e0                HardFault_Handler

.text.EVSYS_Initialize%53
                0x000012a6        0x2
 .text.EVSYS_Initialize
                0x000012a6        0x2 build/SAMC21_OLED_I2C_128X64/debug/_ext/720160550/plib_evsys.o
                0x000012a6                EVSYS_Initialize

.text.Dummy_App_Func%54
                0x00001442        0x2
 .text.Dummy_App_Func
                0x00001442        0x2 build/SAMC21_OLED_I2C_128X64/debug/_ext/177302722/startup_xc32.o
                0x00001442                _on_reset
                0x00001442                _on_bootstrap
                0x00001442                __xc32_on_reset
                0x00001442                Dummy_App_Func
                0x00001442                __xc32_on_bootstrap

.text.Dummy_Handler%55
                0x00001872        0x2
 .text.Dummy_Handler
                0x00001872        0x2 build/SAMC21_OLED_I2C_128X64/debug/_ext/177302722/interrupts.o
                0x00001872                SVCall_Handler
                0x00001872                DMAC_Handler
                0x00001872                TC2_Handler
                0x00001872                AC_Handler
                0x00001872                SysTick_Handler
                0x00001872                PendSV_Handler
                0x00001872                SERCOM1_Handler
                0x00001872                TCC1_Handler
                0x00001872                SERCOM2_Handler
                0x00001872                TCC0_Handler
                0x00001872                ADC1_Handler
                0x00001872                EIC_Handler
                0x00001872                WDT_Handler
                0x00001872                CAN0_Handler
                0x00001872                TC4_Handler
                0x00001872                TC1_Handler
                0x00001872                TC3_Handler
                0x00001872                SDADC_Handler
                0x00001872                Dummy_Handler
                0x00001872                CAN1_Handler
                0x00001872                ADC0_Handler
                0x00001872                TSENS_Handler
                0x00001872                TCC2_Handler
                0x00001872                EVSYS_Handler
                0x00001872                SERCOM3_Handler
                0x00001872                SERCOM4_Handler
                0x00001872                NVMCTRL_Handler
                0x00001872                SYSTEM_Handler
                0x00001872                SERCOM0_Handler
                0x00001872                DAC_Handler
                0x00001872                PTC_Handler
                0x00001872                FREQM_Handler
                0x00001872                TC0_Handler

.text.__dummy%56
                0x00001932        0x2
 .text.__dummy  0x00001932        0x2 c:/program files/microchip/xc32/v4.20/bin/bin/../../lib/gcc/pic32c/8.3.1/../../../../pic32c/lib/thumb/v6-m/nofp\libg-musl.a(__libc_start_main.o)
                0x00001932                __init_stdio
                0x00001932                __init_host
